
> code@0.1.0 build
> next build

  ظû▓ Next.js 14.2.35
  - Environments: .env.local

   Creating an optimized production build ...
 ظ£ô Compiled successfully
   Linting and checking validity of types ...

./src/providers/StreamClientProvider.tsx
65:6  Warning: React Hook useEffect has a missing dependency: 'user'. Either include it or remove the dependency array.  react-hooks/exhaustive-deps

info  - Need to disable some ESLint rules? Learn more here: https://nextjs.org/docs/basic-features/eslint#disabling-rules
node.exe : Failed to compile.
At line:1 char:1
+ & "C:\Program 
Files\nodejs/node.exe" 
"C:\Program Files\nodejs/node_mo 
...
+ ~~~~~~~~~~~~~~~~~~~~~~~~~~~~~~~
~~~~~~~~~~~~~~~~~~~~~~~~~~~~~~~~~
~~~~~
    + CategoryInfo          : No 
   tSpecified: (Failed to compi  
  le.:String) [], RemoteExcept   
 ion
    + FullyQualifiedErrorId : Na 
   tiveCommandError
 

./src/app/(root)/schedule/_compon
ents/ScheduleDialog.tsx:73:19
Type error: Argument of type 
'(prev: { title: string; 
description: string; date: Date; 
time: string; candidateId: 
string; interviewerIds: never[]; 
}) => { interviewerIds: 
string[]; title: string; 
description: string; date: Date; 
time: string; candidateId: 
string; }' is not assignable to 
parameter of type 
'SetStateAction<{ title: string; 
description: string; date: Date; 
time: string; candidateId: 
string; interviewerIds: never[]; 
}>'.
  Type '(prev: { title: string; 
description: string; date: Date; 
time: string; candidateId: 
string; interviewerIds: never[]; 
}) => { interviewerIds: 
string[]; title: string; 
description: string; date: Date; 
time: string; candidateId: 
string; }' is not assignable to 
type '(prevState: { title: 
string; description: string; 
date: Date; time: string; 
candidateId: string; 
interviewerIds: never[]; }) => { 
title: string; description: 
string; date: Date; time: 
string; candidateId: string; 
interviewerIds: never[]; }'.
    Call signature return types 
'{ interviewerIds: string[]; 
title: string; description: 
string; date: Date; time: 
string; candidateId: string; }' 
and '{ title: string; 
description: string; date: Date; 
time: string; candidateId: 
string; interviewerIds: never[]; 
}' are incompatible.
      The types of 
'interviewerIds' are 
incompatible between these types.
        Type 'string[]' is not 
assignable to type 'never[]'.
          Type 'string' is not 
assignable to type 'never'.

[0m [90m 71 |[39m   
useState(() [33m=>[39m {[0m
[0m [90m 72 |[39m     
[36mif[39m 
(user[33m?[39m[33m.[39mid 
[33m&&[39m formData[33m.[39mi
nterviewerIds[33m.[39mlength 
[33m===[39m [35m0[39m) {[0m
[0m[31m[1m>[22m[39m[90m 73 
|[39m       setFormData((prev) 
[33m=>[39m ({ 
[33m...[39mprev[33m,[39m 
interviewerIds[33m:[39m 
[user[33m.[39mid] 
}))[33m;[39m[0m
[0m [90m    |[39m             
      [31m[1m^[22m[39m[0m
[0m [90m 74 |[39m     }[0m
[0m [90m 75 |[39m   
})[33m;[39m[0m
[0m [90m 76 |[39m[0m
Next.js build worker exited with 
code: 1 and signal: null
