
> code@0.1.0 build
> next build

  ظû▓ Next.js 14.2.35
  - Environments: .env.local

   Creating an optimized production build ...
 ظ£ô Compiled successfully
   Linting and checking validity of types ...
node.exe : 
At line:1 char:1
+ & "C:\Program 
Files\nodejs/node.exe" 
"C:\Program Files\nodejs/node_mo 
...
+ ~~~~~~~~~~~~~~~~~~~~~~~~~~~~~~~
~~~~~~~~~~~~~~~~~~~~~~~~~~~~~~~~~
~~~~~
    + CategoryInfo          : No 
   tSpecified: (:String) [], Re  
  moteException
    + FullyQualifiedErrorId : Na 
   tiveCommandError
 
Failed to compile.

./src/components/meetings/CustomP
articipantList.tsx
45:14  Error: 'error' is defined 
but never used.  
@typescript-eslint/no-unused-vars
54:14  Error: 'error' is defined 
but never used.  
@typescript-eslint/no-unused-vars
63:14  Error: 'error' is defined 
but never used.  
@typescript-eslint/no-unused-vars
75:14  Error: 'error' is defined 
but never used.  
@typescript-eslint/no-unused-vars

./src/components/meetings/Meeting
Room.tsx
8:3  Error: 'ScreenShareButton' 
is defined but never used.  
@typescript-eslint/no-unused-vars

info  - Need to disable some 
ESLint rules? Learn more here: ht
tps://nextjs.org/docs/basic-featu
res/eslint#disabling-rules
